// Jest Snapshot v1, https://goo.gl/fbAQLP

exports[`Snapshot 1`] = `
{
  "Parameters": {
    "BootstrapVersion": {
      "Default": "/cdk-bootstrap/hnb659fds/version",
      "Description": "Version of the CDK Bootstrap resources in this environment, automatically retrieved from SSM Parameter Store. [cdk:skip]",
      "Type": "AWS::SSM::Parameter::Value<String>",
    },
  },
  "Resources": {
    "TestVpcE77CE678": {
      "Properties": {
        "CidrBlock": "10.0.0.0/16",
        "EnableDnsHostnames": true,
        "EnableDnsSupport": true,
        "InstanceTenancy": "default",
        "Tags": [
          {
            "Key": "Name",
            "Value": "test/TestVpc",
          },
        ],
      },
      "Type": "AWS::EC2::VPC",
    },
    "TestVpcTestPrivateSubnet1RouteTableAssociation1A08A78B": {
      "Properties": {
        "RouteTableId": {
          "Ref": "TestVpcTestPrivateSubnet1RouteTableE702F61D",
        },
        "SubnetId": {
          "Ref": "TestVpcTestPrivateSubnet1Subnet9947E100",
        },
      },
      "Type": "AWS::EC2::SubnetRouteTableAssociation",
    },
    "TestVpcTestPrivateSubnet1RouteTableE702F61D": {
      "Properties": {
        "Tags": [
          {
            "Key": "Name",
            "Value": "test/TestVpc/TestPrivateSubnet1",
          },
        ],
        "VpcId": {
          "Ref": "TestVpcE77CE678",
        },
      },
      "Type": "AWS::EC2::RouteTable",
    },
    "TestVpcTestPrivateSubnet1Subnet9947E100": {
      "Properties": {
        "AvailabilityZone": {
          "Fn::Select": [
            0,
            {
              "Fn::GetAZs": "",
            },
          ],
        },
        "CidrBlock": "10.0.0.0/24",
        "MapPublicIpOnLaunch": false,
        "Tags": [
          {
            "Key": "aws-cdk:subnet-name",
            "Value": "TestPrivate",
          },
          {
            "Key": "aws-cdk:subnet-type",
            "Value": "Isolated",
          },
          {
            "Key": "Name",
            "Value": "test/TestVpc/TestPrivateSubnet1",
          },
        ],
        "VpcId": {
          "Ref": "TestVpcE77CE678",
        },
      },
      "Type": "AWS::EC2::Subnet",
    },
    "TestVpcTestPrivateSubnet2RouteTable3AB524D9": {
      "Properties": {
        "Tags": [
          {
            "Key": "Name",
            "Value": "test/TestVpc/TestPrivateSubnet2",
          },
        ],
        "VpcId": {
          "Ref": "TestVpcE77CE678",
        },
      },
      "Type": "AWS::EC2::RouteTable",
    },
    "TestVpcTestPrivateSubnet2RouteTableAssociation02BDDE11": {
      "Properties": {
        "RouteTableId": {
          "Ref": "TestVpcTestPrivateSubnet2RouteTable3AB524D9",
        },
        "SubnetId": {
          "Ref": "TestVpcTestPrivateSubnet2Subnet8809A8F7",
        },
      },
      "Type": "AWS::EC2::SubnetRouteTableAssociation",
    },
    "TestVpcTestPrivateSubnet2Subnet8809A8F7": {
      "Properties": {
        "AvailabilityZone": {
          "Fn::Select": [
            1,
            {
              "Fn::GetAZs": "",
            },
          ],
        },
        "CidrBlock": "10.0.1.0/24",
        "MapPublicIpOnLaunch": false,
        "Tags": [
          {
            "Key": "aws-cdk:subnet-name",
            "Value": "TestPrivate",
          },
          {
            "Key": "aws-cdk:subnet-type",
            "Value": "Isolated",
          },
          {
            "Key": "Name",
            "Value": "test/TestVpc/TestPrivateSubnet2",
          },
        ],
        "VpcId": {
          "Ref": "TestVpcE77CE678",
        },
      },
      "Type": "AWS::EC2::Subnet",
    },
  },
  "Rules": {
    "CheckBootstrapVersion": {
      "Assertions": [
        {
          "Assert": {
            "Fn::Not": [
              {
                "Fn::Contains": [
                  [
                    "1",
                    "2",
                    "3",
                    "4",
                    "5",
                  ],
                  {
                    "Ref": "BootstrapVersion",
                  },
                ],
              },
            ],
          },
          "AssertDescription": "CDK bootstrap stack version 6 required. Please run 'cdk bootstrap' with a recent version of the CDK CLI.",
        },
      ],
    },
  },
}
`;
